{"logTime": "0812/154640", "correlationVector":"IPQT+a9/dxSZuHs3OVOF6p.1","action":"SyncServerConnectionManagerRequest", "result":"SYNC_SERVER_OK", "context":{"environment":"Prod_southeastasia_prod-s01-064-apac-southeastasia", "migrationStage":"NotStarted", "server":"akswtt00300001c"}}
{"logTime": "0812/154640", "correlationVector":"IPQT+a9/dxSZuHs3OVOF6p.2","action":"ProcessGetUpdates", "result":"Done", "context":{"dataType":"Encryption Keys", "deleted":"0", "process_failed_to_decrypt":"0", "process_pending_decryption":"0", "process_success":"1", "total":"1"}}
{"logTime": "0812/154641", "correlationVector":"8jfWd+i/aFFO3H5IpuBJNk","action":"SyncServerConnectionManagerRequest", "result":"SYNC_SERVER_OK", "context":{"environment":"", "migrationStage":"", "server":""}}
{"logTime": "0812/154641", "correlationVector":"8jfWd+i/aFFO3H5IpuBJNk.0","action":"EncryptionKeysFetcher.DownloadKeys:", "result":"Success", "context":Key count: 4, Last key timestamp: 2026-05-24T03:58:52Z}
{"logTime": "0812/154641", "correlationVector":"8jfWd+i/aFFO3H5IpuBJNk.1","action":"EncryptionKeysManager::SetEncryptionKeys:", "result":"Success", "context":Key names[4]:[VyXSgL7qeLxcflw92Ea41pSBu5+fVC/UxUtOdrCOTgFvgfqGZ5ocqey7QESShtFju3+o8ynv54fmNzFK/MjFoA==][YdsAqys3tKLLXULW2JQhpnEBFHR+x+gR5/02uF+eILqGCFZ31bPhoXAXj6d+b65rfh6Xujyb4A4YwJMnA+WWaQ==][IOrflWth3H8vUrtrN/B9sj7gtECn5FSu8WSXfZXeUiMcOgk9raxjpNtD4WrJ/zohbWu1yCWLh/niqlRCdK/YfA==][ycO2x6TJB+pTjLOpuMaavknbXM9qIXA3ACKoQf2qiZ+sMeDxrr6GYW3ZQSLbOr8d2nvn84go8cW21T8jKuV9xQ==]}
{"logTime": "0812/154641", "correlationVector":"8jfWd+i/aFFO3H5IpuBJNk.2","action":"EncryptionKeysManager::SetEncryptionKeysWithTimestamps:", "result":"Success", "context":Key timestamps[4]:[2024-10-19T05:05:35Z][2025-04-20T23:20:36Z][2025-11-24T06:43:11Z][2026-05-24T03:58:52Z]}
{"logTime": "0812/154641", "correlationVector":"IPQT+a9/dxSZuHs3OVOF6p","action":"Initial GetUpdates", "result":"", "context":Reason: NEW_CLIENT. cV=IPQT+a9/dxSZuHs3OVOF6p}
{"logTime": "0812/154641", "correlationVector":"IPQT+a9/dxSZuHs3OVOF6p.3","action":"GetUpdates Response", "result":"Success", "context":Received 1 update(s). cV=IPQT+a9/dxSZuHs3OVOF6p.0;server=akswtt00300001c;cloudType=Consumer;environment=Prod_southeastasia_prod-s01-064-apac-southeastasia;migrationStage=NotStarted}
{"logTime": "0812/154641", "correlationVector":"213Uwpbz55VHXnyVX1gAk6","action":"Initial GetUpdates", "result":"", "context":Reason: NEWLY_SUPPORTED_DATATYPE. cV=213Uwpbz55VHXnyVX1gAk6}
{"logTime": "0812/154641", "correlationVector":"213Uwpbz55VHXnyVX1gAk6.1","action":"SyncServerConnectionManagerRequest", "result":"SYNC_SERVER_OK", "context":{"environment":"Prod_southeastasia_prod-s01-064-apac-southeastasia", "migrationStage":"NotStarted", "server":"akswtt003000019"}}
{"logTime": "0812/154641", "correlationVector":"213Uwpbz55VHXnyVX1gAk6.2","action":"ProcessGetUpdates", "result":"Done", "context":{"dataType":"Passwords", "deleted":"3", "process_failed_to_decrypt":"0", "process_pending_decryption":"0", "process_success":"88", "total":"88"}}
{"logTime": "0812/154641", "correlationVector":"213Uwpbz55VHXnyVX1gAk6.3","action":"GetUpdates Response", "result":"Success", "context":Received 88 update(s). cV=213Uwpbz55VHXnyVX1gAk6.0;server=akswtt003000019;cloudType=Consumer;environment=Prod_southeastasia_prod-s01-064-apac-southeastasia;migrationStage=NotStarted}
{"logTime": "0812/154641", "correlationVector":"C5TPNRU4CQmSIWVGe5Knfh","action":"Initial GetUpdates", "result":"", "context":Reason: NEWLY_SUPPORTED_DATATYPE. cV=C5TPNRU4CQmSIWVGe5Knfh}
{"logTime": "0812/154642", "correlationVector":"C5TPNRU4CQmSIWVGe5Knfh.1","action":"SyncServerConnectionManagerRequest", "result":"SYNC_SERVER_OK", "context":{"environment":"Prod_southeastasia_prod-s01-064-apac-southeastasia", "migrationStage":"NotStarted", "server":"akswtt003000000"}}
{"logTime": "0812/154642", "correlationVector":"C5TPNRU4CQmSIWVGe5Knfh.2","action":"ProcessGetUpdates", "result":"Done", "context":{"dataType":"Bookmarks", "deleted":"0", "process_failed_to_decrypt":"0", "process_pending_decryption":"0", "process_success":"22", "total":"22"}}
{"logTime": "0812/154642", "correlationVector":"C5TPNRU4CQmSIWVGe5Knfh.3","action":"ProcessGetUpdates", "result":"Done", "context":{"dataType":"Autofill Profiles", "deleted":"1", "process_failed_to_decrypt":"0", "process_pending_decryption":"0", "process_success":"6", "total":"6"}}
{"logTime": "0812/154642", "correlationVector":"C5TPNRU4CQmSIWVGe5Knfh.4","action":"ProcessGetUpdates", "result":"Done", "context":{"dataType":"Autofill", "deleted":"0", "process_failed_to_decrypt":"0", "process_pending_decryption":"0", "process_success":"222", "total":"222"}}
{"logTime": "0812/154642", "correlationVector":"C5TPNRU4CQmSIWVGe5Knfh.5","action":"GetUpdates Response", "result":"Success", "context":Received 250 update(s). cV=C5TPNRU4CQmSIWVGe5Knfh.0;server=akswtt003000000;cloudType=Consumer;environment=Prod_southeastasia_prod-s01-064-apac-southeastasia;migrationStage=NotStarted Some updates remain.}
{"logTime": "0812/154642", "correlationVector":"JqcEw8DJef3mrMBWGJI61F","action":"Initial GetUpdates", "result":"", "context":Reason: NEWLY_SUPPORTED_DATATYPE. cV=JqcEw8DJef3mrMBWGJI61F}
{"logTime": "0812/154642", "correlationVector":"JqcEw8DJef3mrMBWGJI61F.1","action":"SyncServerConnectionManagerRequest", "result":"SYNC_SERVER_OK", "context":{"environment":"Prod_southeastasia_prod-s01-064-apac-southeastasia", "migrationStage":"NotStarted", "server":"akswtt003000012"}}
{"logTime": "0812/154642", "correlationVector":"JqcEw8DJef3mrMBWGJI61F.2","action":"ProcessGetUpdates", "result":"Done", "context":{"dataType":"Autofill", "deleted":"0", "process_failed_to_decrypt":"0", "process_pending_decryption":"0", "process_success":"250", "total":"250"}}
{"logTime": "0812/154642", "correlationVector":"JqcEw8DJef3mrMBWGJI61F.3","action":"GetUpdates Response", "result":"Success", "context":Received 250 update(s). cV=JqcEw8DJef3mrMBWGJI61F.0;server=akswtt003000012;cloudType=Consumer;environment=Prod_southeastasia_prod-s01-064-apac-southeastasia;migrationStage=NotStarted Some updates remain.}
{"logTime": "0812/154642", "correlationVector":"lq3XYwBE4ISbUyZ3UpoXMo","action":"Initial GetUpdates", "result":"", "context":Reason: NEWLY_SUPPORTED_DATATYPE. cV=lq3XYwBE4ISbUyZ3UpoXMo}
{"logTime": "0812/154643", "correlationVector":"lq3XYwBE4ISbUyZ3UpoXMo.1","action":"SyncServerConnectionManagerRequest", "result":"SYNC_SERVER_OK", "context":{"environment":"Prod_southeastasia_prod-s01-064-apac-southeastasia", "migrationStage":"NotStarted", "server":"akswtt003000011"}}
{"logTime": "0812/154643", "correlationVector":"lq3XYwBE4ISbUyZ3UpoXMo.2","action":"ProcessGetUpdates", "result":"Done", "context":{"dataType":"Autofill", "deleted":"0", "process_failed_to_decrypt":"0", "process_pending_decryption":"0", "process_success":"250", "total":"250"}}
{"logTime": "0812/154643", "correlationVector":"lq3XYwBE4ISbUyZ3UpoXMo.3","action":"GetUpdates Response", "result":"Success", "context":Received 250 update(s). cV=lq3XYwBE4ISbUyZ3UpoXMo.0;server=akswtt003000011;cloudType=Consumer;environment=Prod_southeastasia_prod-s01-064-apac-southeastasia;migrationStage=NotStarted Some updates remain.}
{"logTime": "0812/154643", "correlationVector":"Jvl5stlHfgkjVOqRHYuPny","action":"Initial GetUpdates", "result":"", "context":Reason: NEWLY_SUPPORTED_DATATYPE. cV=Jvl5stlHfgkjVOqRHYuPny}
{"logTime": "0812/154643", "correlationVector":"Jvl5stlHfgkjVOqRHYuPny.1","action":"SyncServerConnectionManagerRequest", "result":"SYNC_SERVER_OK", "context":{"environment":"Prod_southeastasia_prod-s01-064-apac-southeastasia", "migrationStage":"NotStarted", "server":"akswtt00300001c"}}
{"logTime": "0812/154643", "correlationVector":"Jvl5stlHfgkjVOqRHYuPny.2","action":"ProcessGetUpdates", "result":"Done", "context":{"dataType":"Autofill Profiles", "deleted":"24", "process_failed_to_decrypt":"0", "process_pending_decryption":"0", "process_success":"27", "total":"27"}}
{"logTime": "0812/154643", "correlationVector":"Jvl5stlHfgkjVOqRHYuPny.3","action":"ProcessGetUpdates", "result":"Done", "context":{"dataType":"Autofill", "deleted":"0", "process_failed_to_decrypt":"0", "process_pending_decryption":"0", "process_success":"223", "total":"223"}}
{"logTime": "0812/154643", "correlationVector":"Jvl5stlHfgkjVOqRHYuPny.4","action":"GetUpdates Response", "result":"Success", "context":Received 250 update(s). cV=Jvl5stlHfgkjVOqRHYuPny.0;server=akswtt00300001c;cloudType=Consumer;environment=Prod_southeastasia_prod-s01-064-apac-southeastasia;migrationStage=NotStarted Some updates remain.}
{"logTime": "0812/154643", "correlationVector":"20o3SHTglYPvV0x8TGUBl6","action":"Initial GetUpdates", "result":"", "context":Reason: NEWLY_SUPPORTED_DATATYPE. cV=20o3SHTglYPvV0x8TGUBl6}
{"logTime": "0812/154644", "correlationVector":"20o3SHTglYPvV0x8TGUBl6.1","action":"SyncServerConnectionManagerRequest", "result":"SYNC_SERVER_OK", "context":{"environment":"Prod_southeastasia_prod-s01-064-apac-southeastasia", "migrationStage":"NotStarted", "server":"akswtt00300001i"}}
{"logTime": "0812/154644", "correlationVector":"20o3SHTglYPvV0x8TGUBl6.2","action":"ProcessGetUpdates", "result":"Done", "context":{"dataType":"Bookmarks", "deleted":"0", "process_failed_to_decrypt":"0", "process_pending_decryption":"0", "process_success":"1", "total":"1"}}
{"logTime": "0812/154644", "correlationVector":"20o3SHTglYPvV0x8TGUBl6.3","action":"ProcessGetUpdates", "result":"Done", "context":{"dataType":"Autofill Profiles", "deleted":"18", "process_failed_to_decrypt":"0", "process_pending_decryption":"0", "process_success":"22", "total":"22"}}
{"logTime": "0812/154644", "correlationVector":"20o3SHTglYPvV0x8TGUBl6.4","action":"ProcessGetUpdates", "result":"Done", "context":{"dataType":"Autofill", "deleted":"0", "process_failed_to_decrypt":"0", "process_pending_decryption":"0", "process_success":"226", "total":"226"}}
{"logTime": "0812/154644", "correlationVector":"20o3SHTglYPvV0x8TGUBl6.5","action":"GetUpdates Response", "result":"Success", "context":Received 249 update(s). cV=20o3SHTglYPvV0x8TGUBl6.0;server=akswtt00300001i;cloudType=Consumer;environment=Prod_southeastasia_prod-s01-064-apac-southeastasia;migrationStage=NotStarted}
{"logTime": "0812/154644", "correlationVector":"+EL8Df0MH9rIeUZJ9oVCuO","action":"Initial GetUpdates", "result":"", "context":Reason: NEWLY_SUPPORTED_DATATYPE. cV=+EL8Df0MH9rIeUZJ9oVCuO}
{"logTime": "0812/154644", "correlationVector":"+EL8Df0MH9rIeUZJ9oVCuO.1","action":"SyncServerConnectionManagerRequest", "result":"SYNC_SERVER_OK", "context":{"environment":"Prod_southeastasia_prod-s01-064-apac-southeastasia", "migrationStage":"NotStarted", "server":"akswtt00300000d"}}
{"logTime": "0812/154644", "correlationVector":"+EL8Df0MH9rIeUZJ9oVCuO.2","action":"ProcessGetUpdates", "result":"Done", "context":{"dataType":"History", "deleted":"0", "process_failed_to_decrypt":"0", "process_pending_decryption":"0", "process_success":"250", "total":"250"}}
{"logTime": "0812/154644", "correlationVector":"+EL8Df0MH9rIeUZJ9oVCuO.3","action":"GetUpdates Response", "result":"Success", "context":Received 250 update(s). cV=+EL8Df0MH9rIeUZJ9oVCuO.0;server=akswtt00300000d;cloudType=Consumer;environment=Prod_southeastasia_prod-s01-064-apac-southeastasia;migrationStage=NotStarted Some updates remain.}
{"logTime": "0812/154644", "correlationVector":"+Gdiz70Aap/wj5A6s3oZaC","action":"Initial GetUpdates", "result":"", "context":Reason: NEWLY_SUPPORTED_DATATYPE. cV=+Gdiz70Aap/wj5A6s3oZaC}
{"logTime": "0812/154645", "correlationVector":"+Gdiz70Aap/wj5A6s3oZaC.1","action":"SyncServerConnectionManagerRequest", "result":"SYNC_SERVER_OK", "context":{"environment":"Prod_southeastasia_prod-s01-064-apac-southeastasia", "migrationStage":"NotStarted", "server":"akswtt00300000w"}}
{"logTime": "0812/154645", "correlationVector":"+Gdiz70Aap/wj5A6s3oZaC.2","action":"ProcessGetUpdates", "result":"Done", "context":{"dataType":"History", "deleted":"0", "process_failed_to_decrypt":"0", "process_pending_decryption":"0", "process_success":"250", "total":"250"}}
{"logTime": "0812/154645", "correlationVector":"+Gdiz70Aap/wj5A6s3oZaC.3","action":"GetUpdates Response", "result":"Success", "context":Received 250 update(s). cV=+Gdiz70Aap/wj5A6s3oZaC.0;server=akswtt00300000w;cloudType=Consumer;environment=Prod_southeastasia_prod-s01-064-apac-southeastasia;migrationStage=NotStarted Some updates remain.}
{"logTime": "0812/154645", "correlationVector":"twq/wkNiCepVnhx6V2w2K3","action":"Initial GetUpdates", "result":"", "context":Reason: NEWLY_SUPPORTED_DATATYPE. cV=twq/wkNiCepVnhx6V2w2K3}
{"logTime": "0812/154645", "correlationVector":"twq/wkNiCepVnhx6V2w2K3.1","action":"SyncServerConnectionManagerRequest", "result":"SYNC_SERVER_OK", "context":{"environment":"Prod_southeastasia_prod-s01-064-apac-southeastasia", "migrationStage":"NotStarted", "server":"akswtt00300000p"}}
{"logTime": "0812/154645", "correlationVector":"twq/wkNiCepVnhx6V2w2K3.2","action":"ProcessGetUpdates", "result":"Done", "context":{"dataType":"History", "deleted":"0", "process_failed_to_decrypt":"0", "process_pending_decryption":"0", "process_success":"250", "total":"250"}}
{"logTime": "0812/154645", "correlationVector":"twq/wkNiCepVnhx6V2w2K3.3","action":"GetUpdates Response", "result":"Success", "context":Received 250 update(s). cV=twq/wkNiCepVnhx6V2w2K3.0;server=akswtt00300000p;cloudType=Consumer;environment=Prod_southeastasia_prod-s01-064-apac-southeastasia;migrationStage=NotStarted Some updates remain.}
{"logTime": "0812/154645", "correlationVector":"A5pab6XCO8Zoj4XiC65yXF","action":"Initial GetUpdates", "result":"", "context":Reason: NEWLY_SUPPORTED_DATATYPE. cV=A5pab6XCO8Zoj4XiC65yXF}
{"logTime": "0812/154646", "correlationVector":"A5pab6XCO8Zoj4XiC65yXF.1","action":"SyncServerConnectionManagerRequest", "result":"SYNC_SERVER_OK", "context":{"environment":"Prod_southeastasia_prod-s01-064-apac-southeastasia", "migrationStage":"NotStarted", "server":"akswtt003000015"}}
{"logTime": "0812/154646", "correlationVector":"A5pab6XCO8Zoj4XiC65yXF.2","action":"ProcessGetUpdates", "result":"Done", "context":{"dataType":"History", "deleted":"0", "process_failed_to_decrypt":"0", "process_pending_decryption":"0", "process_success":"250", "total":"250"}}
{"logTime": "0812/154646", "correlationVector":"A5pab6XCO8Zoj4XiC65yXF.3","action":"GetUpdates Response", "result":"Success", "context":Received 250 update(s). cV=A5pab6XCO8Zoj4XiC65yXF.0;server=akswtt003000015;cloudType=Consumer;environment=Prod_southeastasia_prod-s01-064-apac-southeastasia;migrationStage=NotStarted Some updates remain.}
{"logTime": "0812/154646", "correlationVector":"AfXVynMUkOyYSLp4LuttMq","action":"Initial GetUpdates", "result":"", "context":Reason: NEWLY_SUPPORTED_DATATYPE. cV=AfXVynMUkOyYSLp4LuttMq}
{"logTime": "0812/154646", "correlationVector":"AfXVynMUkOyYSLp4LuttMq.1","action":"SyncServerConnectionManagerRequest", "result":"SYNC_SERVER_OK", "context":{"environment":"Prod_southeastasia_prod-s01-064-apac-southeastasia", "migrationStage":"NotStarted", "server":"akswtt00300001c"}}
{"logTime": "0812/154646", "correlationVector":"AfXVynMUkOyYSLp4LuttMq.2","action":"ProcessGetUpdates", "result":"Done", "context":{"dataType":"History", "deleted":"0", "process_failed_to_decrypt":"0", "process_pending_decryption":"0", "process_success":"250", "total":"250"}}
{"logTime": "0812/154646", "correlationVector":"AfXVynMUkOyYSLp4LuttMq.3","action":"GetUpdates Response", "result":"Success", "context":Received 250 update(s). cV=AfXVynMUkOyYSLp4LuttMq.0;server=akswtt00300001c;cloudType=Consumer;environment=Prod_southeastasia_prod-s01-064-apac-southeastasia;migrationStage=NotStarted Some updates remain.}
{"logTime": "0812/154646", "correlationVector":"2nv+t8WD+rVyxhDtzPsih+","action":"Initial GetUpdates", "result":"", "context":Reason: NEWLY_SUPPORTED_DATATYPE. cV=2nv+t8WD+rVyxhDtzPsih+}
{"logTime": "0812/154647", "correlationVector":"2nv+t8WD+rVyxhDtzPsih+.1","action":"SyncServerConnectionManagerRequest", "result":"SYNC_SERVER_OK", "context":{"environment":"Prod_southeastasia_prod-s01-064-apac-southeastasia", "migrationStage":"NotStarted", "server":"akswtt00300001d"}}
{"logTime": "0812/154647", "correlationVector":"2nv+t8WD+rVyxhDtzPsih+.2","action":"ProcessGetUpdates", "result":"Done", "context":{"dataType":"History", "deleted":"0", "process_failed_to_decrypt":"0", "process_pending_decryption":"0", "process_success":"250", "total":"250"}}
{"logTime": "0812/154647", "correlationVector":"2nv+t8WD+rVyxhDtzPsih+.3","action":"GetUpdates Response", "result":"Success", "context":Received 250 update(s). cV=2nv+t8WD+rVyxhDtzPsih+.0;server=akswtt00300001d;cloudType=Consumer;environment=Prod_southeastasia_prod-s01-064-apac-southeastasia;migrationStage=NotStarted Some updates remain.}
{"logTime": "0812/154647", "correlationVector":"OGjUTnHFCH7xhGkuZfIOut","action":"Initial GetUpdates", "result":"", "context":Reason: NEWLY_SUPPORTED_DATATYPE. cV=OGjUTnHFCH7xhGkuZfIOut}
{"logTime": "0812/154647", "correlationVector":"OGjUTnHFCH7xhGkuZfIOut.1","action":"SyncServerConnectionManagerRequest", "result":"SYNC_SERVER_OK", "context":{"environment":"Prod_southeastasia_prod-s01-064-apac-southeastasia", "migrationStage":"NotStarted", "server":"akswtt00300000h"}}
{"logTime": "0812/154647", "correlationVector":"OGjUTnHFCH7xhGkuZfIOut.2","action":"ProcessGetUpdates", "result":"Done", "context":{"dataType":"History", "deleted":"0", "process_failed_to_decrypt":"0", "process_pending_decryption":"0", "process_success":"250", "total":"250"}}
{"logTime": "0812/154647", "correlationVector":"OGjUTnHFCH7xhGkuZfIOut.3","action":"GetUpdates Response", "result":"Success", "context":Received 250 update(s). cV=OGjUTnHFCH7xhGkuZfIOut.0;server=akswtt00300000h;cloudType=Consumer;environment=Prod_southeastasia_prod-s01-064-apac-southeastasia;migrationStage=NotStarted Some updates remain.}
{"logTime": "0812/154647", "correlationVector":"BPJyVXYz42WZouSlrCiH3E","action":"Initial GetUpdates", "result":"", "context":Reason: NEWLY_SUPPORTED_DATATYPE. cV=BPJyVXYz42WZouSlrCiH3E}
{"logTime": "0812/154648", "correlationVector":"BPJyVXYz42WZouSlrCiH3E.1","action":"SyncServerConnectionManagerRequest", "result":"SYNC_SERVER_OK", "context":{"environment":"Prod_southeastasia_prod-s01-064-apac-southeastasia", "migrationStage":"NotStarted", "server":"akswtt003000019"}}
{"logTime": "0812/154648", "correlationVector":"BPJyVXYz42WZouSlrCiH3E.2","action":"ProcessGetUpdates", "result":"Done", "context":{"dataType":"History", "deleted":"0", "process_failed_to_decrypt":"0", "process_pending_decryption":"0", "process_success":"250", "total":"250"}}
{"logTime": "0812/154648", "correlationVector":"BPJyVXYz42WZouSlrCiH3E.3","action":"GetUpdates Response", "result":"Success", "context":Received 250 update(s). cV=BPJyVXYz42WZouSlrCiH3E.0;server=akswtt003000019;cloudType=Consumer;environment=Prod_southeastasia_prod-s01-064-apac-southeastasia;migrationStage=NotStarted Some updates remain.}
{"logTime": "0812/154648", "correlationVector":"pJ9/r3ekRHUG/xRZHbd0UR","action":"Initial GetUpdates", "result":"", "context":Reason: NEWLY_SUPPORTED_DATATYPE. cV=pJ9/r3ekRHUG/xRZHbd0UR}
{"logTime": "0812/154648", "correlationVector":"pJ9/r3ekRHUG/xRZHbd0UR.1","action":"SyncServerConnectionManagerRequest", "result":"SYNC_SERVER_OK", "context":{"environment":"Prod_southeastasia_prod-s01-064-apac-southeastasia", "migrationStage":"NotStarted", "server":"akswtt00300001b"}}
{"logTime": "0812/154648", "correlationVector":"pJ9/r3ekRHUG/xRZHbd0UR.2","action":"ProcessGetUpdates", "result":"Done", "context":{"dataType":"History", "deleted":"0", "process_failed_to_decrypt":"0", "process_pending_decryption":"0", "process_success":"250", "total":"250"}}
{"logTime": "0812/154648", "correlationVector":"pJ9/r3ekRHUG/xRZHbd0UR.3","action":"GetUpdates Response", "result":"Success", "context":Received 250 update(s). cV=pJ9/r3ekRHUG/xRZHbd0UR.0;server=akswtt00300001b;cloudType=Consumer;environment=Prod_southeastasia_prod-s01-064-apac-southeastasia;migrationStage=NotStarted Some updates remain.}
{"logTime": "0812/154648", "correlationVector":"G8nB+E8bK36adGS5OnazkI","action":"Initial GetUpdates", "result":"", "context":Reason: NEWLY_SUPPORTED_DATATYPE. cV=G8nB+E8bK36adGS5OnazkI}
{"logTime": "0812/154649", "correlationVector":"G8nB+E8bK36adGS5OnazkI.1","action":"SyncServerConnectionManagerRequest", "result":"SYNC_SERVER_OK", "context":{"environment":"Prod_southeastasia_prod-s01-064-apac-southeastasia", "migrationStage":"NotStarted", "server":"akswtt003000015"}}
{"logTime": "0812/154649", "correlationVector":"G8nB+E8bK36adGS5OnazkI.2","action":"ProcessGetUpdates", "result":"Done", "context":{"dataType":"History", "deleted":"0", "process_failed_to_decrypt":"0", "process_pending_decryption":"0", "process_success":"250", "total":"250"}}
{"logTime": "0812/154649", "correlationVector":"G8nB+E8bK36adGS5OnazkI.3","action":"GetUpdates Response", "result":"Success", "context":Received 250 update(s). cV=G8nB+E8bK36adGS5OnazkI.0;server=akswtt003000015;cloudType=Consumer;environment=Prod_southeastasia_prod-s01-064-apac-southeastasia;migrationStage=NotStarted Some updates remain.}
{"logTime": "0812/154649", "correlationVector":"Bklhgo9O2qGO9hTt7ZhSsy","action":"Initial GetUpdates", "result":"", "context":Reason: NEWLY_SUPPORTED_DATATYPE. cV=Bklhgo9O2qGO9hTt7ZhSsy}
{"logTime": "0812/154649", "correlationVector":"Bklhgo9O2qGO9hTt7ZhSsy.1","action":"SyncServerConnectionManagerRequest", "result":"SYNC_SERVER_OK", "context":{"environment":"Prod_southeastasia_prod-s01-064-apac-southeastasia", "migrationStage":"NotStarted", "server":"akswtt003000009"}}
{"logTime": "0812/154649", "correlationVector":"Bklhgo9O2qGO9hTt7ZhSsy.2","action":"ProcessGetUpdates", "result":"Done", "context":{"dataType":"History", "deleted":"0", "process_failed_to_decrypt":"0", "process_pending_decryption":"0", "process_success":"233", "total":"233"}}
{"logTime": "0812/154649", "correlationVector":"Bklhgo9O2qGO9hTt7ZhSsy.3","action":"GetUpdates Response", "result":"Success", "context":Received 233 update(s). cV=Bklhgo9O2qGO9hTt7ZhSsy.0;server=akswtt003000009;cloudType=Consumer;environment=Prod_southeastasia_prod-s01-064-apac-southeastasia;migrationStage=NotStarted}
{"logTime": "0812/154649", "correlationVector":"A5Kt2jGqaV8Aw6tL1lvhql","action":"Normal GetUpdate request", "result":"", "context":cV=A5Kt2jGqaV8Aw6tL1lvhql
Refresh requested types: Bookmarks, Passwords, Autofill Profiles, Autofill, History, Encryption Keys}
{"logTime": "0812/154650", "correlationVector":"A5Kt2jGqaV8Aw6tL1lvhql.1","action":"SyncServerConnectionManagerRequest", "result":"SYNC_SERVER_OK", "context":{"environment":"Prod_southeastasia_prod-s01-064-apac-southeastasia", "migrationStage":"NotStarted", "server":"akswtt00300000w"}}
{"logTime": "0812/154650", "correlationVector":"A5Kt2jGqaV8Aw6tL1lvhql.2","action":"GetUpdates Response", "result":"Success", "context":Received 0 update(s). cV=A5Kt2jGqaV8Aw6tL1lvhql.0;server=akswtt00300000w;cloudType=Consumer;environment=Prod_southeastasia_prod-s01-064-apac-southeastasia;migrationStage=NotStarted}
{"logTime": "0812/154650", "correlationVector":"bNkEnY/AyzLyYj8JRHrGa1","action":"DoCompareDataConsistency requsted types: ", "result":"Bookmarks, Passwords, History, Encryption Keys"}
{"logTime": "0812/154650", "correlationVector":"bNkEnY/AyzLyYj8JRHrGa1.0","action":"CompareDataConsistency result: ", "result":"Compare result: Encryption Keys is consistent. local entities count is: 1 local entities hash is: vusTQdn7qTfLl5I1iIvB1mtirsU="}
{"logTime": "0812/154650", "correlationVector":"bNkEnY/AyzLyYj8JRHrGa1.1","action":"CompareDataConsistency result: ", "result":"Compare result: Bookmarks is consistent. local entities count is: 17 local entities hash is: mwy4AmvHiFjqjnhs8z3p5aA0zNE="}
{"logTime": "0812/154650", "correlationVector":"bNkEnY/AyzLyYj8JRHrGa1.2","action":"CompareDataConsistency result: ", "result":"Server did not send this History local entities count is: 0 local entities hash is: "}
{"logTime": "0812/154650", "correlationVector":"bNkEnY/AyzLyYj8JRHrGa1.3","action":"CompareDataConsistency result: ", "result":"Compare result: Passwords is consistent. local entities count is: 85 local entities hash is: FVDl4bg/1INjEAwlrinurRJ9pVs="}
{"logTime": "0812/154650", "correlationVector":"","action":"DIAGNOSTIC_REQUEST|v1/diagnosticData/Diagnostic.SendCheckResult()|SUCCESS", "result":""}
{"logTime": "0812/154801", "correlationVector":"B4P/rrn77B50r5kYMy3CSo","action":"Commit Request", "result":"", "context":Item count: 8
Contributing types: History}
{"logTime": "0812/154802", "correlationVector":"B4P/rrn77B50r5kYMy3CSo.1","action":"SyncServerConnectionManagerRequest", "result":"SYNC_SERVER_OK", "context":{"environment":"Prod_southeastasia_prod-s01-065-apac-southeastasia", "migrationStage":"NotStarted", "server":"akswtt00300000q"}}
{"logTime": "0812/154802", "correlationVector":"B4P/rrn77B50r5kYMy3CSo.2","action":"Commit Response", "result":"Success", "context":Result: Success. cV=B4P/rrn77B50r5kYMy3CSo.0;server=akswtt00300000q;cloudType=Consumer;environment=Prod_southeastasia_prod-s01-065-apac-southeastasia;migrationStage=NotStarted}
