2026-08-12 15:46:29.960: [INFO][Sync] Reset engine, reason: 8
2026-08-12 15:46:29.961: [INFO][Sync] Stopped: Bookmarks
2026-08-12 15:46:29.961: [INFO][Sync] Stopped: Preferences
2026-08-12 15:46:29.961: [INFO][Sync] Stopped: Passwords
2026-08-12 15:46:29.961: [INFO][Sync] Stopped: Autofill Profiles
2026-08-12 15:46:29.961: [INFO][Sync] Stopped: Autofill
2026-08-12 15:46:29.961: [INFO][Sync] Stopped: Extensions
2026-08-12 15:46:29.961: [INFO][Sync] Stopped: Sessions
2026-08-12 15:46:29.961: [INFO][Sync] Stopped: Extension settings
2026-08-12 15:46:29.961: [INFO][Sync] Stopped: History Delete Directives
2026-08-12 15:46:29.961: [INFO][Sync] Stopped: Device Info
2026-08-12 15:46:29.961: [INFO][Sync] Stopped: User Consents
2026-08-12 15:46:29.961: [INFO][Sync] Stopped: Send Tab To Self
2026-08-12 15:46:29.961: [INFO][Sync] Stopped: Web Apps
2026-08-12 15:46:29.961: [INFO][Sync] Stopped: History
2026-08-12 15:46:29.961: [INFO][Sync] Stopped: Saved Tab Group
2026-08-12 15:46:29.961: [INFO][Sync] Stopped: WebAuthn Credentials
2026-08-12 15:46:29.961: [INFO][Sync] Stopped: Edge E Drop
2026-08-12 15:46:29.961: [INFO][Sync] Stopped: Edge Hub App Usage
2026-08-12 15:46:29.961: [INFO][Sync] Stopped: Edge Journey
2026-08-12 15:46:29.961: [INFO][Sync] Stopped: Edge Workspace
2026-08-12 15:46:29.963: [INFO][Sync] SyncState after authenticated was: NotSignedIn
2026-08-12 15:46:31.269: [INFO][Sync] Reset engine, reason: 8
2026-08-12 15:46:31.269: [INFO][Sync] Stopped: Bookmarks
2026-08-12 15:46:31.269: [INFO][Sync] Stopped: Preferences
2026-08-12 15:46:31.269: [INFO][Sync] Stopped: Passwords
2026-08-12 15:46:31.269: [INFO][Sync] Stopped: Autofill Profiles
2026-08-12 15:46:31.270: [INFO][Sync] Stopped: Autofill
2026-08-12 15:46:31.270: [INFO][Sync] Stopped: Extensions
2026-08-12 15:46:31.270: [INFO][Sync] Stopped: Sessions
2026-08-12 15:46:31.270: [INFO][Sync] Stopped: Extension settings
2026-08-12 15:46:31.270: [INFO][Sync] Stopped: History Delete Directives
2026-08-12 15:46:31.270: [INFO][Sync] Stopped: Device Info
2026-08-12 15:46:31.270: [INFO][Sync] Stopped: User Consents
2026-08-12 15:46:31.270: [INFO][Sync] Stopped: Send Tab To Self
2026-08-12 15:46:31.270: [INFO][Sync] Stopped: Web Apps
2026-08-12 15:46:31.270: [INFO][Sync] Stopped: History
2026-08-12 15:46:31.270: [INFO][Sync] Stopped: Saved Tab Group
2026-08-12 15:46:31.270: [INFO][Sync] Stopped: WebAuthn Credentials
2026-08-12 15:46:31.270: [INFO][Sync] Stopped: Edge E Drop
2026-08-12 15:46:31.270: [INFO][Sync] Stopped: Edge Hub App Usage
2026-08-12 15:46:31.270: [INFO][Sync] Stopped: Edge Journey
2026-08-12 15:46:31.270: [INFO][Sync] Stopped: Edge Workspace
2026-08-12 15:46:38.375: [INFO][Sync] Try to start sync engine
2026-08-12 15:46:38.394: [INFO][SyncManagerImpl::NudgeForInitialDownload] Initial download nudge for Encryption Keys
2026-08-12 15:46:38.394: [INFO][SyncEngineBackend::LoadAndConnectNigoriController] Load and connect Nigori controller
2026-08-12 15:46:38.394: [INFO][SyncEngineBackend::DoInitialize] Control Types added: Encryption Keys
2026-08-12 15:46:38.394: [INFO][SyncManagerImpl::ConfigureSyncer] Types to download: Encryption Keys with reason: 3
2026-08-12 15:46:38.395: [INFO][SyncSchedulerImpl::DoConfigurationSyncCycleJob] Configure job was blocked
2026-08-12 15:46:38.608: [INFO][SyncAuthManager::SetLastAuthError] Current auth error: None
2026-08-12 15:46:38.608: [INFO][SyncAuthManager::EdgeLogTokenErrorState] Token error with: None for account type: MSA
2026-08-12 15:46:38.608: [INFO][Sync] Credentials changed for: EdgeSyncScopeNew
2026-08-12 15:46:40.522: [INFO][SyncAuthManager::SetLastAuthError] Current auth error: None
2026-08-12 15:46:40.522: [INFO][SyncAuthManager::EdgeLogTokenErrorState] Token error with: None for account type: MSA
2026-08-12 15:46:40.522: [INFO][Sync] Credentials changed for: EdgeSyncKeyDataScope
2026-08-12 15:46:40.522: [INFO][SyncEngineBackend::DoUpdateKeyDataCredentials] Update key data credentials
2026-08-12 15:46:40.522: [INFO][SyncEngineBackend::DoUpdateCredentials] Update credentials
2026-08-12 15:46:40.523: [INFO][SyncSchedulerImpl::DoConfigurationSyncCycleJob] Blocked types:  and types to download: Encryption Keys
2026-08-12 15:46:40.962: [INFO][Sync] Started DataTypeManager configuration, reason: 4
2026-08-12 15:46:40.964: [INFO][Sync] Configuring for: Bookmarks, Preferences, Passwords, Autofill Profiles, Autofill, Extensions, Sessions, Extension settings, History Delete Directives, Device Info, User Consents, Send Tab To Self, Web Apps, History, Saved Tab Group, WebAuthn Credentials, Edge E Drop, Edge Hub App Usage, Edge Workspace, Encryption Keys, reason: 3, current state: 0
2026-08-12 15:46:40.964: [WARN][Sync] Crypto error data types: Passwords, Autofill Profiles, Autofill
2026-08-12 15:46:40.972: [INFO][Sync] Configure, desired: Bookmarks, Preferences, Extensions, Sessions, Extension settings, History Delete Directives, Device Info, User Consents, Send Tab To Self, Web Apps, History, Saved Tab Group, WebAuthn Credentials, Edge E Drop, Edge Hub App Usage, Edge Workspace, Encryption Keys; Allow fail: Passwords, Autofill Profiles, Autofill
2026-08-12 15:46:40.973: [INFO][Sync] Loading: Bookmarks
2026-08-12 15:46:40.973: [ERROR][Sync] Load Preferences, failed: ConstructDataTypeStoreOnFrontendSequence@components\sync\model\data_type_store_service_impl.cc:95 - Model error type: 86
2026-08-12 15:46:40.973: [ERROR][Sync] Stoping type: Preferences, error: ConstructDataTypeStoreOnFrontendSequence@components\sync\model\data_type_store_service_impl.cc:95 - Model error type: 86
2026-08-12 15:46:40.973: [INFO][Sync] Loading: Preferences
2026-08-12 15:46:40.973: [ERROR][Sync] Load Extensions, failed: ConstructDataTypeStoreOnFrontendSequence@components\sync\model\data_type_store_service_impl.cc:95 - Model error type: 86
2026-08-12 15:46:40.973: [ERROR][Sync] Stoping type: Extensions, error: ConstructDataTypeStoreOnFrontendSequence@components\sync\model\data_type_store_service_impl.cc:95 - Model error type: 86
2026-08-12 15:46:40.973: [INFO][Sync] Loading: Extensions
2026-08-12 15:46:40.975: [INFO][Sync] Loading: Sessions
2026-08-12 15:46:40.975: [INFO][Sync] Loading: Extension settings
2026-08-12 15:46:40.975: [ERROR][Sync] Load History Delete Directives, failed: ConstructDataTypeStoreOnFrontendSequence@components\sync\model\data_type_store_service_impl.cc:95 - Model error type: 86
2026-08-12 15:46:40.975: [ERROR][Sync] Stoping type: History Delete Directives, error: ConstructDataTypeStoreOnFrontendSequence@components\sync\model\data_type_store_service_impl.cc:95 - Model error type: 86
2026-08-12 15:46:40.976: [INFO][Sync] Loading: History Delete Directives
2026-08-12 15:46:40.976: [ERROR][Sync] Load Device Info, failed: OnStoreCreated@components\sync_device_info\device_info_sync_bridge.cc:987 - Model error type: 94
2026-08-12 15:46:40.976: [ERROR][Sync] Stoping type: Device Info, error: OnStoreCreated@components\sync_device_info\device_info_sync_bridge.cc:987 - Model error type: 94
2026-08-12 15:46:40.976: [INFO][Sync] Loading: Device Info
2026-08-12 15:46:40.976: [ERROR][Sync] Load User Consents, failed: ConstructDataTypeStoreOnFrontendSequence@components\sync\model\data_type_store_service_impl.cc:95 - Model error type: 86
2026-08-12 15:46:40.976: [ERROR][Sync] Stoping type: User Consents, error: ConstructDataTypeStoreOnFrontendSequence@components\sync\model\data_type_store_service_impl.cc:95 - Model error type: 86
2026-08-12 15:46:40.976: [INFO][Sync] Loading: User Consents
2026-08-12 15:46:40.976: [ERROR][Sync] Load Send Tab To Self, failed: ConstructDataTypeStoreOnFrontendSequence@components\sync\model\data_type_store_service_impl.cc:95 - Model error type: 86
2026-08-12 15:46:40.976: [ERROR][Sync] Stoping type: Send Tab To Self, error: ConstructDataTypeStoreOnFrontendSequence@components\sync\model\data_type_store_service_impl.cc:95 - Model error type: 86
2026-08-12 15:46:40.976: [INFO][Sync] Loading: Send Tab To Self
2026-08-12 15:46:40.976: [ERROR][Sync] Load Web Apps, failed: OnDatabaseOpened@chrome\browser\web_applications\web_app_sync_bridge.cc:839 - Model error type: 76
2026-08-12 15:46:40.976: [ERROR][Sync] Stoping type: Web Apps, error: OnDatabaseOpened@chrome\browser\web_applications\web_app_sync_bridge.cc:839 - Model error type: 76
2026-08-12 15:46:40.976: [INFO][Sync] Loading: Web Apps
2026-08-12 15:46:40.977: [INFO][Sync] Loading: History
2026-08-12 15:46:40.977: [ERROR][Sync] Load Saved Tab Group, failed: ConstructDataTypeStoreOnFrontendSequence@components\sync\model\data_type_store_service_impl.cc:95 - Model error type: 86
2026-08-12 15:46:40.977: [ERROR][Sync] Stoping type: Saved Tab Group, error: ConstructDataTypeStoreOnFrontendSequence@components\sync\model\data_type_store_service_impl.cc:95 - Model error type: 86
2026-08-12 15:46:40.977: [INFO][Sync] Loading: Saved Tab Group
2026-08-12 15:46:40.977: [ERROR][Sync] Load WebAuthn Credentials, failed: ConstructDataTypeStoreOnFrontendSequence@components\sync\model\data_type_store_service_impl.cc:95 - Model error type: 86
2026-08-12 15:46:40.977: [ERROR][Sync] Stoping type: WebAuthn Credentials, error: ConstructDataTypeStoreOnFrontendSequence@components\sync\model\data_type_store_service_impl.cc:95 - Model error type: 86
2026-08-12 15:46:40.977: [INFO][Sync] Loading: WebAuthn Credentials
2026-08-12 15:46:40.977: [INFO][Sync] Loading: Edge E Drop
2026-08-12 15:46:40.977: [INFO][Sync] Loading: Edge Hub App Usage
2026-08-12 15:46:40.977: [ERROR][Sync] Load Edge Workspace, failed: ConstructDataTypeStoreOnFrontendSequence@components\sync\model\data_type_store_service_impl.cc:95 - Model error type: 86
2026-08-12 15:46:40.977: [ERROR][Sync] Stoping type: Edge Workspace, error: ConstructDataTypeStoreOnFrontendSequence@components\sync\model\data_type_store_service_impl.cc:95 - Model error type: 86
2026-08-12 15:46:40.977: [INFO][Sync] Loading: Edge Workspace
2026-08-12 15:46:40.989: [ERROR][Sync] Load Sessions, failed: ConstructDataTypeStoreOnFrontendSequence@components\sync\model\data_type_store_service_impl.cc:95 - Model error type: 86
2026-08-12 15:46:40.990: [ERROR][Sync] Stoping type: Sessions, error: ConstructDataTypeStoreOnFrontendSequence@components\sync\model\data_type_store_service_impl.cc:95 - Model error type: 86
2026-08-12 15:46:40.990: [ERROR][Sync] Load Extension settings, failed: ConstructDataTypeStoreOnFrontendSequence@components\sync\model\data_type_store_service_impl.cc:95 - Model error type: 86
2026-08-12 15:46:40.990: [ERROR][Sync] Stoping type: Extension settings, error: ConstructDataTypeStoreOnFrontendSequence@components\sync\model\data_type_store_service_impl.cc:95 - Model error type: 86
2026-08-12 15:46:40.990: [ERROR][Sync] Load Edge E Drop, failed: EDropSyncBridge@components\edge_e_drop\core\browser\sync\e_drop_sync_bridge.cc:71: DataTypeStore for Drop initialization failed
2026-08-12 15:46:40.990: [ERROR][Sync] Stoping type: Edge E Drop, error: EDropSyncBridge@components\edge_e_drop\core\browser\sync\e_drop_sync_bridge.cc:71: DataTypeStore for Drop initialization failed
2026-08-12 15:46:40.990: [ERROR][Sync] Load Edge Hub App Usage, failed: EdgeHubAppUsageSyncBridge@components\edge_hub_apps\sync\edge_hub_app_usage_sync_bridge.cc:55: ModelTypeStore for Hub App Usage initialization failed
2026-08-12 15:46:40.990: [ERROR][Sync] Stoping type: Edge Hub App Usage, error: EdgeHubAppUsageSyncBridge@components\edge_hub_apps\sync\edge_hub_app_usage_sync_bridge.cc:55: ModelTypeStore for Hub App Usage initialization failed
2026-08-12 15:46:40.990: [INFO][Sync] Configuring for: Bookmarks, Preferences, Passwords, Autofill Profiles, Autofill, Extensions, Sessions, Extension settings, History Delete Directives, Device Info, User Consents, Send Tab To Self, Web Apps, History, Saved Tab Group, WebAuthn Credentials, Edge E Drop, Edge Hub App Usage, Edge Workspace, Encryption Keys, reason: 3, current state: 2
2026-08-12 15:46:40.990: [WARN][Sync] Crypto error data types: 
2026-08-12 15:46:40.990: [INFO][Sync] Configure, desired: Bookmarks, History, Encryption Keys; Allow fail: Preferences, Passwords, Autofill Profiles, Autofill, Extensions, Sessions, Extension settings, History Delete Directives, Device Info, User Consents, Send Tab To Self, Web Apps, Saved Tab Group, WebAuthn Credentials, Edge E Drop, Edge Hub App Usage, Edge Workspace
2026-08-12 15:46:40.990: [INFO][Sync] All data types are ready for configure.
2026-08-12 15:46:41.614: [INFO][Sync] Started DataTypeManager configuration, reason: 5
2026-08-12 15:46:41.615: [INFO][Sync] Configuring for: Bookmarks, Preferences, Passwords, Autofill Profiles, Autofill, Extensions, Sessions, Extension settings, History Delete Directives, Device Info, User Consents, Send Tab To Self, Web Apps, History, Saved Tab Group, WebAuthn Credentials, Edge E Drop, Edge Hub App Usage, Edge Workspace, Encryption Keys, reason: 5, current state: 1
2026-08-12 15:46:41.616: [INFO][SyncEngineBackend::DoStartConfiguration] Start configuration
2026-08-12 15:46:41.617: [INFO][SyncManagerImpl::NudgeForInitialDownload] Initial download nudge for Bookmarks
2026-08-12 15:46:41.617: [INFO][SyncManagerImpl::NudgeForInitialDownload] Initial download nudge for History
2026-08-12 15:46:41.617: [INFO][SyncManagerImpl::ConfigureSyncer] Types to download:  with reason: 3
2026-08-12 15:46:41.617: [INFO][SyncEngineBackend::DoFinishConfigureDataTypes] Failed to download types:  and succeeded types: 
2026-08-12 15:46:41.634: [INFO][Sync] ConfigurationDone, failed: , succeeded: , remaining count: 2
2026-08-12 15:46:41.634: [WARN][Sync]     Reconfigure requested while configuration ongoing.
2026-08-12 15:46:41.634: [INFO][Sync] Configuring for: Bookmarks, Preferences, Passwords, Autofill Profiles, Autofill, Extensions, Sessions, Extension settings, History Delete Directives, Device Info, User Consents, Send Tab To Self, Web Apps, History, Saved Tab Group, WebAuthn Credentials, Edge E Drop, Edge Hub App Usage, Edge Workspace, Encryption Keys, reason: 5, current state: 2
2026-08-12 15:46:41.634: [INFO][Sync] Configure, desired: Bookmarks, Passwords, Autofill Profiles, Autofill, History, Encryption Keys; Allow fail: Preferences, Extensions, Sessions, Extension settings, History Delete Directives, Device Info, User Consents, Send Tab To Self, Web Apps, Saved Tab Group, WebAuthn Credentials, Edge E Drop, Edge Hub App Usage, Edge Workspace
2026-08-12 15:46:41.634: [INFO][Sync] Loading: Passwords
2026-08-12 15:46:41.634: [INFO][Sync] Loading: Autofill Profiles
2026-08-12 15:46:41.634: [INFO][Sync] Loading: Autofill
2026-08-12 15:46:41.637: [INFO][Sync] All data types are ready for configure.
2026-08-12 15:46:41.638: [INFO][SyncManagerImpl::NudgeForInitialDownload] Initial download nudge for Passwords
2026-08-12 15:46:41.639: [INFO][SyncManagerImpl::NudgeForInitialDownload] Initial download nudge for Autofill Profiles
2026-08-12 15:46:41.639: [INFO][SyncManagerImpl::NudgeForInitialDownload] Initial download nudge for Autofill
2026-08-12 15:46:41.639: [INFO][SyncManagerImpl::ConfigureSyncer] Types to download:  with reason: 5
2026-08-12 15:46:41.639: [INFO][SyncEngineBackend::DoFinishConfigureDataTypes] Failed to download types:  and succeeded types: 
2026-08-12 15:46:41.640: [INFO][Sync] ConfigurationDone, failed: , succeeded: , remaining count: 3
2026-08-12 15:46:41.640: [INFO][Sync] Prepare to configure types: Passwords, Encryption Keys
2026-08-12 15:46:41.640: [INFO][SyncManagerImpl::ConfigureSyncer] Types to download: Passwords, Encryption Keys with reason: 5
2026-08-12 15:46:41.640: [INFO][SyncSchedulerImpl::DoConfigurationSyncCycleJob] Blocked types:  and types to download: Passwords, Encryption Keys
2026-08-12 15:46:41.972: [INFO][SyncEngineBackend::DoFinishConfigureDataTypes] Failed to download types:  and succeeded types: Passwords, Encryption Keys
2026-08-12 15:46:41.985: [INFO][Sync] ConfigurationDone, failed: , succeeded: Passwords, Encryption Keys, remaining count: 2
2026-08-12 15:46:41.985: [INFO][Sync] Prepare to configure types: Bookmarks, Autofill Profiles, Autofill, Encryption Keys
2026-08-12 15:46:41.985: [INFO][SyncManagerImpl::ConfigureSyncer] Types to download: Bookmarks, Autofill Profiles, Autofill, Encryption Keys with reason: 5
2026-08-12 15:46:41.985: [INFO][SyncSchedulerImpl::DoConfigurationSyncCycleJob] Blocked types:  and types to download: Bookmarks, Autofill Profiles, Autofill, Encryption Keys
2026-08-12 15:46:44.379: [INFO][SyncEngineBackend::DoFinishConfigureDataTypes] Failed to download types:  and succeeded types: Bookmarks, Autofill Profiles, Autofill, Encryption Keys
2026-08-12 15:46:44.443: [INFO][Sync] ConfigurationDone, failed: , succeeded: Bookmarks, Autofill Profiles, Autofill, Encryption Keys, remaining count: 1
2026-08-12 15:46:44.443: [INFO][Sync] Prepare to configure types: History, Encryption Keys
2026-08-12 15:46:44.443: [INFO][SyncManagerImpl::ConfigureSyncer] Types to download: History, Encryption Keys with reason: 5
2026-08-12 15:46:44.443: [INFO][SyncSchedulerImpl::DoConfigurationSyncCycleJob] Blocked types:  and types to download: History, Encryption Keys
2026-08-12 15:46:49.697: [INFO][SyncEngineBackend::DoFinishConfigureDataTypes] Failed to download types:  and succeeded types: History, Encryption Keys
2026-08-12 15:46:49.716: [INFO][Sync] ConfigurationDone, failed: , succeeded: History, Encryption Keys, remaining count: 0
2026-08-12 15:46:49.716: [INFO][Sync]     Configuration completed, state: 7
2026-08-12 15:46:49.717: [INFO][Sync] Configured DataTypeManager: Ok
2026-08-12 15:46:49.740: [INFO][SyncEngineBackend::DoStartSyncing] Start syncing
2026-08-12 15:48:48.141: [INFO][Sync] Reset engine, reason: 0
2026-08-12 15:48:48.141: [INFO][Sync] Reset engine with reason: 0
